2026-10-05 10:15:01 Failed login for user admin from 192.168.1.50
2026-10-05 10:15:03 Failed login for user admin from 192.168.1.50
2026-10-05 10:15:05 Failed login for user admin from 192.168.1.50
2026-10-05 10:16:10 Successful login for user henri from 192.168.1.20